{
  "version": "1.5.0",
  "plugins_used": [
    {
      "name": "ArtifactoryDetector"
    },
    {
      "name": "AWSKeyDetector"
    },
    {
      "name": "AzureStorageKeyDetector"
    },
    {
      "name": "Base64HighEntropyString",
      "limit": 4.5
    },
    {
      "name": "BasicAuthDetector"
    },
    {
      "name": "CloudantDetector"
    },
    {
      "name": "DiscordBotTokenDetector"
    },
    {
      "name": "GitHubTokenDetector"
    },
    {
      "name": "GitLabTokenDetector"
    },
    {
      "name": "HexHighEntropyString",
      "limit": 3.0
    },
    {
      "name": "IbmCloudIamDetector"
    },
    {
      "name": "IbmCosHmacDetector"
    },
    {
      "name": "IPPublicDetector"
    },
    {
      "name": "JwtTokenDetector"
    },
    {
      "name": "KeywordDetector",
      "keyword_exclude": ""
    },
    {
      "name": "MailchimpDetector"
    },
    {
      "name": "NpmDetector"
    },
    {
      "name": "OpenAIDetector"
    },
    {
      "name": "PrivateKeyDetector"
    },
    {
      "name": "PypiTokenDetector"
    },
    {
      "name": "SendGridDetector"
    },
    {
      "name": "SlackDetector"
    },
    {
      "name": "SoftlayerDetector"
    },
    {
      "name": "SquareOAuthDetector"
    },
    {
      "name": "StripeDetector"
    },
    {
      "name": "TelegramBotTokenDetector"
    },
    {
      "name": "TwilioKeyDetector"
    }
  ],
  "filters_used": [
    {
      "path": "detect_secrets.filters.allowlist.is_line_allowlisted"
    },
    {
      "path": "detect_secrets.filters.common.is_baseline_file",
      "filename": ".secrets.baseline"
    },
    {
      "path": "detect_secrets.filters.common.is_ignored_due_to_verification_policies",
      "min_level": 2
    },
    {
      "path": "detect_secrets.filters.heuristic.is_indirect_reference"
    },
    {
      "path": "detect_secrets.filters.heuristic.is_likely_id_string"
    },
    {
      "path": "detect_secrets.filters.heuristic.is_lock_file"
    },
    {
      "path": "detect_secrets.filters.heuristic.is_not_alphanumeric_string"
    },
    {
      "path": "detect_secrets.filters.heuristic.is_potential_uuid"
    },
    {
      "path": "detect_secrets.filters.heuristic.is_prefixed_with_dollar_sign"
    },
    {
      "path": "detect_secrets.filters.heuristic.is_sequential_string"
    },
    {
      "path": "detect_secrets.filters.heuristic.is_swagger_file"
    },
    {
      "path": "detect_secrets.filters.heuristic.is_templated_secret"
    },
    {
      "path": "detect_secrets.filters.regex.should_exclude_file",
      "pattern": [
        "uv\\.lock$",
        "\\.secrets\\.baseline$",
        "^\\.venv/",
        "pnpm-lock\\.yaml$"
      ]
    }
  ],
  "results": {
    "tests/fixtures/golden/manifest.json": [
      {
        "type": "Hex High Entropy String",
        "filename": "tests/fixtures/golden/manifest.json",
        "hashed_secret": "a89eea6e39a4d2cbd3a59270b5944d8d0f464de1",
        "is_verified": false,
        "line_number": 18
      },
      {
        "type": "Hex High Entropy String",
        "filename": "tests/fixtures/golden/manifest.json",
        "hashed_secret": "3bc5b4ac5930e98fa3a93ef625b4fcac5c9e709a",
        "is_verified": false,
        "line_number": 19
      },
      {
        "type": "Hex High Entropy String",
        "filename": "tests/fixtures/golden/manifest.json",
        "hashed_secret": "6148e8770b423986215ffbce270a3593b403876b",
        "is_verified": false,
        "line_number": 20
      },
      {
        "type": "Hex High Entropy String",
        "filename": "tests/fixtures/golden/manifest.json",
        "hashed_secret": "8a25acda77032ffb47b33aee1c06cc7d52826951",
        "is_verified": false,
        "line_number": 21
      },
      {
        "type": "Hex High Entropy String",
        "filename": "tests/fixtures/golden/manifest.json",
        "hashed_secret": "1bc84ea0720e1b1a5970c5b3eb8af6c30eba6447",
        "is_verified": false,
        "line_number": 22
      },
      {
        "type": "Hex High Entropy String",
        "filename": "tests/fixtures/golden/manifest.json",
        "hashed_secret": "36dcf4e77862602817dd205336e41fdd5f15ffc7",
        "is_verified": false,
        "line_number": 23
      },
      {
        "type": "Hex High Entropy String",
        "filename": "tests/fixtures/golden/manifest.json",
        "hashed_secret": "8f9d142f540b5ec919e148382f773728e5d29bec",
        "is_verified": false,
        "line_number": 24
      },
      {
        "type": "Hex High Entropy String",
        "filename": "tests/fixtures/golden/manifest.json",
        "hashed_secret": "6849ffa2afc4946571ae05a41658040ec828ae87",
        "is_verified": false,
        "line_number": 25
      },
      {
        "type": "Hex High Entropy String",
        "filename": "tests/fixtures/golden/manifest.json",
        "hashed_secret": "41593627977adaf3fca43bcb42e03fa31ead339f",
        "is_verified": false,
        "line_number": 26
      },
      {
        "type": "Hex High Entropy String",
        "filename": "tests/fixtures/golden/manifest.json",
        "hashed_secret": "1090162c817bab4517afe9ed7ed868f6e8d27735",
        "is_verified": false,
        "line_number": 27
      },
      {
        "type": "Hex High Entropy String",
        "filename": "tests/fixtures/golden/manifest.json",
        "hashed_secret": "12958e5124adf52b037e5b74a50cc9154565f453",
        "is_verified": false,
        "line_number": 28
      },
      {
        "type": "Hex High Entropy String",
        "filename": "tests/fixtures/golden/manifest.json",
        "hashed_secret": "2898e6cdc124684406912251237ba9d8a432a739",
        "is_verified": false,
        "line_number": 29
      },
      {
        "type": "Hex High Entropy String",
        "filename": "tests/fixtures/golden/manifest.json",
        "hashed_secret": "910f7d7de4b470d3ee5f317164c2fb6c559dceb5",
        "is_verified": false,
        "line_number": 30
      },
      {
        "type": "Hex High Entropy String",
        "filename": "tests/fixtures/golden/manifest.json",
        "hashed_secret": "5e0c8666ec4f35d0510053522f11c667221185a0",
        "is_verified": false,
        "line_number": 31
      },
      {
        "type": "Hex High Entropy String",
        "filename": "tests/fixtures/golden/manifest.json",
        "hashed_secret": "5d01eac9f0052708a7437aae9711b86f01d78a35",
        "is_verified": false,
        "line_number": 32
      }
    ]
  },
  "generated_at": "2026-09-17T03:59:48Z"
}
