{
  "version": "1.5.0",
  "plugins_used": [
    {
      "name": "ArtifactoryDetector"
    },
    {
      "name": "AWSKeyDetector"
    },
    {
      "name": "AzureStorageKeyDetector"
    },
    {
      "name": "Base64HighEntropyString",
      "limit": 4.5
    },
    {
      "name": "BasicAuthDetector"
    },
    {
      "name": "CloudantDetector"
    },
    {
      "name": "DiscordBotTokenDetector"
    },
    {
      "name": "GitHubTokenDetector"
    },
    {
      "name": "GitLabTokenDetector"
    },
    {
      "name": "HexHighEntropyString",
      "limit": 3.0
    },
    {
      "name": "IbmCloudIamDetector"
    },
    {
      "name": "IbmCosHmacDetector"
    },
    {
      "name": "IPPublicDetector"
    },
    {
      "name": "JwtTokenDetector"
    },
    {
      "name": "KeywordDetector",
      "keyword_exclude": ""
    },
    {
      "name": "MailchimpDetector"
    },
    {
      "name": "NpmDetector"
    },
    {
      "name": "OpenAIDetector"
    },
    {
      "name": "PrivateKeyDetector"
    },
    {
      "name": "PypiTokenDetector"
    },
    {
      "name": "SendGridDetector"
    },
    {
      "name": "SlackDetector"
    },
    {
      "name": "SoftlayerDetector"
    },
    {
      "name": "SquareOAuthDetector"
    },
    {
      "name": "StripeDetector"
    },
    {
      "name": "TelegramBotTokenDetector"
    },
    {
      "name": "TwilioKeyDetector"
    }
  ],
  "filters_used": [
    {
      "path": "detect_secrets.filters.allowlist.is_line_allowlisted"
    },
    {
      "path": "detect_secrets.filters.common.is_baseline_file",
      "filename": ".secrets.baseline"
    },
    {
      "path": "detect_secrets.filters.common.is_ignored_due_to_verification_policies",
      "min_level": 2
    },
    {
      "path": "detect_secrets.filters.heuristic.is_indirect_reference"
    },
    {
      "path": "detect_secrets.filters.heuristic.is_likely_id_string"
    },
    {
      "path": "detect_secrets.filters.heuristic.is_lock_file"
    },
    {
      "path": "detect_secrets.filters.heuristic.is_not_alphanumeric_string"
    },
    {
      "path": "detect_secrets.filters.heuristic.is_potential_uuid"
    },
    {
      "path": "detect_secrets.filters.heuristic.is_prefixed_with_dollar_sign"
    },
    {
      "path": "detect_secrets.filters.heuristic.is_sequential_string"
    },
    {
      "path": "detect_secrets.filters.heuristic.is_swagger_file"
    },
    {
      "path": "detect_secrets.filters.heuristic.is_templated_secret"
    },
    {
      "path": "detect_secrets.filters.regex.should_exclude_file",
      "pattern": [
        "uv\\.lock$",
        "\\.secrets\\.baseline$",
        "^\\.venv/",
        "pnpm-lock\\.yaml$"
      ]
    }
  ],
  "results": {
    "data/reference/cook_sao/profile.yaml": [
      {
        "type": "Hex High Entropy String",
        "filename": "data/reference/cook_sao/profile.yaml",
        "hashed_secret": "7fee876f1086010b84a1aef270fbd95f2012a7cd",
        "is_verified": false,
        "line_number": 158
      },
      {
        "type": "Hex High Entropy String",
        "filename": "data/reference/cook_sao/profile.yaml",
        "hashed_secret": "84ca4298091b6f9df3faeb36ea940f19cb75dbfa",
        "is_verified": false,
        "line_number": 162
      },
      {
        "type": "Hex High Entropy String",
        "filename": "data/reference/cook_sao/profile.yaml",
        "hashed_secret": "9a6f518201d60a2076ac9989950b5b096ff6f347",
        "is_verified": false,
        "line_number": 166
      },
      {
        "type": "Hex High Entropy String",
        "filename": "data/reference/cook_sao/profile.yaml",
        "hashed_secret": "7ee4d745cacb2e2030219c4473267fbf954a5070",
        "is_verified": false,
        "line_number": 170
      },
      {
        "type": "Hex High Entropy String",
        "filename": "data/reference/cook_sao/profile.yaml",
        "hashed_secret": "6b47af12434798aa051ccbdd62dc92f544b1fd07",
        "is_verified": false,
        "line_number": 174
      }
    ],
    "data/reference/cook_sao/tables.yaml": [
      {
        "type": "Hex High Entropy String",
        "filename": "data/reference/cook_sao/tables.yaml",
        "hashed_secret": "7e72274b7e754894930a87509063d0b578edf395",
        "is_verified": false,
        "line_number": 14
      },
      {
        "type": "Hex High Entropy String",
        "filename": "data/reference/cook_sao/tables.yaml",
        "hashed_secret": "e988c200205b9b65d7283d7786a0e0ca5ab74c97",
        "is_verified": false,
        "line_number": 18
      },
      {
        "type": "Hex High Entropy String",
        "filename": "data/reference/cook_sao/tables.yaml",
        "hashed_secret": "2a4e8d12675ec5fe5ce08160864ef429daf25e5c",
        "is_verified": false,
        "line_number": 22
      },
      {
        "type": "Hex High Entropy String",
        "filename": "data/reference/cook_sao/tables.yaml",
        "hashed_secret": "349b9e08075922305cb1cc76b0c86e6dd032aa42",
        "is_verified": false,
        "line_number": 26
      },
      {
        "type": "Hex High Entropy String",
        "filename": "data/reference/cook_sao/tables.yaml",
        "hashed_secret": "5a32e0d62e7d9540eb6925d46422deb9b214b325",
        "is_verified": false,
        "line_number": 30
      },
      {
        "type": "Hex High Entropy String",
        "filename": "data/reference/cook_sao/tables.yaml",
        "hashed_secret": "ed96707958ee552d069cfa012f5d34713eb973d9",
        "is_verified": false,
        "line_number": 34
      },
      {
        "type": "Hex High Entropy String",
        "filename": "data/reference/cook_sao/tables.yaml",
        "hashed_secret": "6e9b20f603255316cef29b48ddd2da5a068effe1",
        "is_verified": false,
        "line_number": 38
      }
    ],
    "tests/fixtures/golden/manifest.json": [
      {
        "type": "Hex High Entropy String",
        "filename": "tests/fixtures/golden/manifest.json",
        "hashed_secret": "8372d90f6d036631f8262eaf3c7c27817cb948ce",
        "is_verified": false,
        "line_number": 22
      },
      {
        "type": "Hex High Entropy String",
        "filename": "tests/fixtures/golden/manifest.json",
        "hashed_secret": "45326b3dc32de493230de7226fea90f8e8599548",
        "is_verified": false,
        "line_number": 23
      },
      {
        "type": "Hex High Entropy String",
        "filename": "tests/fixtures/golden/manifest.json",
        "hashed_secret": "5265e489119527647d83ebc0b99fd09aaccc039b",
        "is_verified": false,
        "line_number": 24
      },
      {
        "type": "Hex High Entropy String",
        "filename": "tests/fixtures/golden/manifest.json",
        "hashed_secret": "8a25acda77032ffb47b33aee1c06cc7d52826951",
        "is_verified": false,
        "line_number": 25
      },
      {
        "type": "Hex High Entropy String",
        "filename": "tests/fixtures/golden/manifest.json",
        "hashed_secret": "e0e56e49e4a528598e38373813da235e8355b45b",
        "is_verified": false,
        "line_number": 26
      },
      {
        "type": "Hex High Entropy String",
        "filename": "tests/fixtures/golden/manifest.json",
        "hashed_secret": "bb4f30ac07049564ff9aa636d6bc72c63e931979",
        "is_verified": false,
        "line_number": 27
      },
      {
        "type": "Hex High Entropy String",
        "filename": "tests/fixtures/golden/manifest.json",
        "hashed_secret": "0a8cc06a5ac75e983c5b1bec5e539298215135ab",
        "is_verified": false,
        "line_number": 28
      },
      {
        "type": "Hex High Entropy String",
        "filename": "tests/fixtures/golden/manifest.json",
        "hashed_secret": "410bc9f531001a84a2b9bf493dddf27b8ca3285a",
        "is_verified": false,
        "line_number": 29
      },
      {
        "type": "Hex High Entropy String",
        "filename": "tests/fixtures/golden/manifest.json",
        "hashed_secret": "4185aa8a7cf03713b169c6a31cab75acd12751cc",
        "is_verified": false,
        "line_number": 30
      },
      {
        "type": "Hex High Entropy String",
        "filename": "tests/fixtures/golden/manifest.json",
        "hashed_secret": "6304afcc16125916dd622f4c3ff74c222251be2c",
        "is_verified": false,
        "line_number": 31
      },
      {
        "type": "Hex High Entropy String",
        "filename": "tests/fixtures/golden/manifest.json",
        "hashed_secret": "533593095e2368e95da5feb8c36813f204e0b833",
        "is_verified": false,
        "line_number": 32
      },
      {
        "type": "Hex High Entropy String",
        "filename": "tests/fixtures/golden/manifest.json",
        "hashed_secret": "c56dfb9770b29a44b64080d6e2dc1990e6f568e8",
        "is_verified": false,
        "line_number": 33
      },
      {
        "type": "Hex High Entropy String",
        "filename": "tests/fixtures/golden/manifest.json",
        "hashed_secret": "c60dc54c384841c03642b5f567b76d0bca0c36f4",
        "is_verified": false,
        "line_number": 34
      },
      {
        "type": "Hex High Entropy String",
        "filename": "tests/fixtures/golden/manifest.json",
        "hashed_secret": "8999a5992fdc1ae60dd5a337cf0456a1a92ca4cc",
        "is_verified": false,
        "line_number": 35
      },
      {
        "type": "Hex High Entropy String",
        "filename": "tests/fixtures/golden/manifest.json",
        "hashed_secret": "7a0862b3060c403002fa4cc8757adc61d70a03e6",
        "is_verified": false,
        "line_number": 36
      },
      {
        "type": "Hex High Entropy String",
        "filename": "tests/fixtures/golden/manifest.json",
        "hashed_secret": "31914f62be11dcd817f40d0d486bf9ade9fc8ed5",
        "is_verified": false,
        "line_number": 37
      }
    ]
  },
  "generated_at": "2026-10-06T01:12:25Z"
}
